raw/non_label\20250124_173701.jpg
raw/non_label\20250124_173704.jpg
raw/non_label\20250124_173719.jpg
raw/non_label\20250124_181932.jpg
raw/non_label\20250124_181937.jpg
raw/non_label\20250124_182002.jpg
raw/non_label\20250131_182502.jpg
raw/non_label\20250131_182507.jpg
raw/non_label\20250131_182521.jpg
raw/non_label\20250207_131450.jpg
raw/non_label\20250207_131459.jpg
raw/non_label\20250207_131506.jpg
raw/non_label\20250207_131510.jpg
raw/non_label\20250207_131631.jpg
raw/non_label\20250207_131636.jpg
raw/non_label\20250207_131641.jpg
raw/non_label\20250225_172932.jpg
raw/non_label\20250225_172950.jpg
raw/non_label\20250225_173022.jpg
raw/non_label\IMG_0648.jpg
raw/non_label\IMG_0649.jpg
raw/non_label\IMG_0650.jpg
raw/non_label\IMG_0651.jpg
raw/non_label\IMG_0652.jpg
raw/non_label\IMG_0653.jpg
raw/non_label\IMG_0654.jpg
raw/non_label\IMG_0655.jpg
raw/non_label\IMG_0657.jpg
raw/non_label\IMG_0750.jpg
raw/non_label\IMG_0751.jpg
raw/non_label\IMG_0752.jpg
raw/non_label\IMG_0753.jpg
raw/non_label\IMG_0765.jpg
raw/non_label\IMG_0766.jpg
raw/non_label\IMG_0767.jpg
raw/non_label\IMG_0788.jpg
raw/non_label\IMG_0789.jpg
raw/non_label\IMG_0790.jpg
raw/non_label\IMG_0791.jpg
raw/non_label\IMG_0862.jpg
raw/non_label\IMG_0863.jpg
raw/non_label\IMG_0864.jpg
raw/non_label\IMG_0865.jpg
raw/non_label\IMG_0924.jpg
raw/non_label\IMG_0925.jpg
raw/non_label\IMG_0926.jpg
raw/non_label\IMG_0927.jpg
raw/non_label\IMG_1478.jpg
raw/non_label\IMG_1480.jpg
raw/non_label\IMG_1482.jpg
raw/non_label\IMG_1483.jpg
raw/non_label\IMG_1543.jpg
raw/non_label\IMG_1544.jpg
raw/non_label\IMG_1545.jpg
raw/non_label\IMG_1555.jpg
raw/non_label\IMG_1556.jpg
raw/non_label\IMG_1566.jpg
raw/non_label\IMG_1567.jpg
raw/non_label\IMG_1568.jpg
raw/non_label\IMG_1571.jpg
raw/non_label\IMG_1572.jpg
raw/non_label\IMG_1573.jpg
raw/non_label\IMG_7057.jpg
raw/non_label\IMG_7058.jpg
raw/non_label\IMG_7059.jpg
raw/non_label\IMG_7080.jpg
raw/non_label\IMG_7081.jpg
raw/non_label\IMG_7082.jpg
raw/non_label\IMG_7096.jpg
raw/non_label\IMG_7097.jpg
raw/non_label\IMG_7098.jpg
raw/non_label\IMG_7207.jpg
raw/non_label\IMG_7208.jpg
raw/non_label\IMG_7209.jpg
raw/non_label\IMG_7274.jpg
raw/non_label\IMG_7275.jpg
raw/non_label\IMG_7276.jpg
